***********************************************************************************************
***                                                                                         ***
***                                    LINK INFORMATION                                     ***
***                                                                                         ***
***********************************************************************************************

Linker version:

  SEGGER ARM Linker 4.38.14 compiled Aug 21 2024 18:37:23
  Copyright (c) 2017-2024 SEGGER Microcontroller GmbH    www.segger.com


***********************************************************************************************
***                                                                                         ***
***                                     MODULE SUMMARY                                      ***
***                                                                                         ***
***********************************************************************************************

Memory use by input file:

  Object File                                       RX Code     RO Data     RW Data     ZI Data
  ---------------------------------------------  ----------  ----------  ----------  ----------
  main.o                                                816          34                        
  RCC_Init.o                                            220                                    
  SEGGER_THUMB_Startup.o                                 20                                    
  stm32f407xx_Vectors.o                                 566                                    
  STM32F4xx_Startup.o                                    64                                    
  system_stm32f4xx.o                                    310          16           4            
  ---------------------------------------------  ----------  ----------  ----------  ----------
  Subtotal (6 objects)                                1 996          50           4            
  ---------------------------------------------  ----------  ----------  ----------  ----------
  SEGGER_crtinit_v7em_fpv4_sp_d16_hard_t_le_eabi_balanced.a
                                                         56                                    
  ---------------------------------------------  ----------  ----------  ----------  ----------
  Subtotal (1 archives)                                  56                                    
  ---------------------------------------------  ----------  ----------  ----------  ----------
  Linker created (shared data, fills, blocks):                       28                   2 048
  =============================================  ==========  ==========  ==========  ==========
  Total:                                              2 052          78           4       2 048
  =============================================  ==========  ==========  ==========  ==========

Memory use by archive member:

  Archive member                                    RX Code     RO Data     RW Data     ZI Data
  ---------------------------------------------  ----------  ----------  ----------  ----------
  SEGGER_crtinit.o (SEGGER_crtinit_v7em_fpv4_sp_d16_hard_t_le_eabi_balanced.a)
                                                         56                                    
  ---------------------------------------------  ----------  ----------  ----------  ----------
  Subtotal (1 members from 1 archives)                   56                                    
  Objects (6 files)                                   1 996          50           4            
  Linker created (shared data, fills, blocks):                       28                   2 048
  =============================================  ==========  ==========  ==========  ==========
  Total:                                              2 052          78           4       2 048
  =============================================  ==========  ==========  ==========  ==========

Memory use by linker:

  Description                                       RX Code     RO Data     RW Data     ZI Data
  ---------------------------------------------  ----------  ----------  ----------  ----------
  Initialization table                                               28                        
  Memory for block 'stack'                                                                2 048
  ---------------------------------------------  ----------  ----------  ----------  ----------
  Subtotal (linker created):                                         28                   2 048
  ---------------------------------------------  ----------  ----------  ----------  ----------
  Objects (6 files)                                   1 996          50           4            
  Archives (1 files)                                     56                                    
  =============================================  ==========  ==========  ==========  ==========
  Total:                                              2 052          78           4       2 048
  =============================================  ==========  ==========  ==========  ==========


***********************************************************************************************
***                                                                                         ***
***                                     SECTION DETAIL                                      ***
***                                                                                         ***
***********************************************************************************************

Sections by address:

  Range              Symbol or [section] Name         Size  Al  Init  Ac  Object File
  -----------------  -------------------------  ----------  --  ----  --  -----------
  08000000-08000187  _vectors                          392  512
                                                                Code  RX  stm32f407xx_Vectors.o
  08000188-080002ab  SystemCoreClockUpdate             292   4  Code  RX  system_stm32f4xx.o
  080002ac-0800034f  EXTI_Init                         164   4  Code  RX  main.o
  08000350-080003df  USART1_Init                       144   4  Code  RX  main.o
  080003e0-0800040b  __NVIC_EnableIRQ                   44   4  Code  RX  main.o
  0800040c-0800043f  sendStringUSART                    52   4  Code  RX  main.o
  08000440-080004c7  EXTI15_10_IRQHandler              136   4  Code  RX  main.o
  080004c8-08000557  USART1_IRQHandler                 144   4  Code  RX  main.o
  08000558-08000583  __NVIC_ClearPendingIRQ             44   4  Code  RX  main.o
  08000584-0800065f  RCC_Init                          220   4  Code  RX  RCC_Init.o
  08000660-08000673  _start                             20   4  Code  RX  SEGGER_THUMB_Startup.o
  08000674-0800069b  HardFault_Handler                  40   4  Code  RX  STM32F4xx_Startup.o
  0800069c-080006ad  SystemInit                         18   4  Code  RX  system_stm32f4xx.o
  080006ae-080006af  NMI_Handler                         2   2  Code  RX  stm32f407xx_Vectors.o
  080006b0-080006cd  main                               30   4  Code  RX  main.o
  080006ce-080006cf  MemManage_Handler                   2   2  Code  RX  stm32f407xx_Vectors.o
  080006d0-08000709  GPIO_Init                          58   4  Code  RX  main.o
  0800070a-0800070b  BusFault_Handler                    2   2  Code  RX  stm32f407xx_Vectors.o
  0800070c-0800070d  UsageFault_Handler                  2   2  Code  RX  stm32f407xx_Vectors.o
  0800070e-0800070f  SVC_Handler                         2   2  Code  RX  stm32f407xx_Vectors.o
  08000710-08000711  DebugMon_Handler                    2   2  Code  RX  stm32f407xx_Vectors.o
  08000712-08000713  PendSV_Handler                      2   2  Code  RX  stm32f407xx_Vectors.o
  08000714-08000715  SysTick_Handler                     2   2  Code  RX  stm32f407xx_Vectors.o
  08000716-08000717  WWDG_IRQHandler                     2   2  Code  RX  stm32f407xx_Vectors.o
  08000718-08000719  PVD_IRQHandler                      2   2  Code  RX  stm32f407xx_Vectors.o
  0800071a-0800071b  TAMP_STAMP_IRQHandler               2   2  Code  RX  stm32f407xx_Vectors.o
  0800071c-0800071d  RTC_WKUP_IRQHandler                 2   2  Code  RX  stm32f407xx_Vectors.o
  0800071e-0800071f  FLASH_IRQHandler                    2   2  Code  RX  stm32f407xx_Vectors.o
  08000720-08000721  RCC_IRQHandler                      2   2  Code  RX  stm32f407xx_Vectors.o
  08000722-08000723  EXTI0_IRQHandler                    2   2  Code  RX  stm32f407xx_Vectors.o
  08000724-08000725  EXTI1_IRQHandler                    2   2  Code  RX  stm32f407xx_Vectors.o
  08000726-08000727  EXTI2_IRQHandler                    2   2  Code  RX  stm32f407xx_Vectors.o
  08000728-08000729  EXTI3_IRQHandler                    2   2  Code  RX  stm32f407xx_Vectors.o
  0800072a-0800072b  EXTI4_IRQHandler                    2   2  Code  RX  stm32f407xx_Vectors.o
  0800072c-0800072d  DMA1_Stream0_IRQHandler             2   2  Code  RX  stm32f407xx_Vectors.o
  0800072e-0800072f  DMA1_Stream1_IRQHandler             2   2  Code  RX  stm32f407xx_Vectors.o
  08000730-08000731  DMA1_Stream2_IRQHandler             2   2  Code  RX  stm32f407xx_Vectors.o
  08000732-08000733  DMA1_Stream3_IRQHandler             2   2  Code  RX  stm32f407xx_Vectors.o
  08000734-08000735  DMA1_Stream4_IRQHandler             2   2  Code  RX  stm32f407xx_Vectors.o
  08000736-08000737  DMA1_Stream5_IRQHandler             2   2  Code  RX  stm32f407xx_Vectors.o
  08000738-08000739  DMA1_Stream6_IRQHandler             2   2  Code  RX  stm32f407xx_Vectors.o
  0800073a-0800073b  ADC_IRQHandler                      2   2  Code  RX  stm32f407xx_Vectors.o
  0800073c-0800073d  CAN1_TX_IRQHandler                  2   2  Code  RX  stm32f407xx_Vectors.o
  0800073e-0800073f  CAN1_RX0_IRQHandler                 2   2  Code  RX  stm32f407xx_Vectors.o
  08000740-08000741  CAN1_RX1_IRQHandler                 2   2  Code  RX  stm32f407xx_Vectors.o
  08000742-08000743  CAN1_SCE_IRQHandler                 2   2  Code  RX  stm32f407xx_Vectors.o
  08000744-08000745  EXTI9_5_IRQHandler                  2   2  Code  RX  stm32f407xx_Vectors.o
  08000746-08000747  TIM1_BRK_TIM9_IRQHandler            2   2  Code  RX  stm32f407xx_Vectors.o
  08000748-08000749  TIM1_UP_TIM10_IRQHandler            2   2  Code  RX  stm32f407xx_Vectors.o
  0800074a-0800074b  TIM1_TRG_COM_TIM11_IRQHandler
                                                         2   2  Code  RX  stm32f407xx_Vectors.o
  0800074c-0800074d  TIM1_CC_IRQHandler                  2   2  Code  RX  stm32f407xx_Vectors.o
  0800074e-0800074f  TIM2_IRQHandler                     2   2  Code  RX  stm32f407xx_Vectors.o
  08000750-08000751  TIM3_IRQHandler                     2   2  Code  RX  stm32f407xx_Vectors.o
  08000752-08000753  TIM4_IRQHandler                     2   2  Code  RX  stm32f407xx_Vectors.o
  08000754-08000755  I2C1_EV_IRQHandler                  2   2  Code  RX  stm32f407xx_Vectors.o
  08000756-08000757  I2C1_ER_IRQHandler                  2   2  Code  RX  stm32f407xx_Vectors.o
  08000758-08000759  I2C2_EV_IRQHandler                  2   2  Code  RX  stm32f407xx_Vectors.o
  0800075a-0800075b  I2C2_ER_IRQHandler                  2   2  Code  RX  stm32f407xx_Vectors.o
  0800075c-0800075d  SPI1_IRQHandler                     2   2  Code  RX  stm32f407xx_Vectors.o
  0800075e-0800075f  SPI2_IRQHandler                     2   2  Code  RX  stm32f407xx_Vectors.o
  08000760-08000761  USART2_IRQHandler                   2   2  Code  RX  stm32f407xx_Vectors.o
  08000762-08000763  USART3_IRQHandler                   2   2  Code  RX  stm32f407xx_Vectors.o
  08000764-08000765  RTC_Alarm_IRQHandler                2   2  Code  RX  stm32f407xx_Vectors.o
  08000766-08000767  OTG_FS_WKUP_IRQHandler              2   2  Code  RX  stm32f407xx_Vectors.o
  08000768-08000769  TIM8_BRK_TIM12_IRQHandler           2   2  Code  RX  stm32f407xx_Vectors.o
  0800076a-0800076b  TIM8_UP_TIM13_IRQHandler            2   2  Code  RX  stm32f407xx_Vectors.o
  0800076c-0800076d  TIM8_TRG_COM_TIM14_IRQHandler
                                                         2   2  Code  RX  stm32f407xx_Vectors.o
  0800076e-0800076f  TIM8_CC_IRQHandler                  2   2  Code  RX  stm32f407xx_Vectors.o
  08000770-08000771  DMA1_Stream7_IRQHandler             2   2  Code  RX  stm32f407xx_Vectors.o
  08000772-08000773  FSMC_IRQHandler                     2   2  Code  RX  stm32f407xx_Vectors.o
  08000774-08000775  SDIO_IRQHandler                     2   2  Code  RX  stm32f407xx_Vectors.o
  08000776-08000777  TIM5_IRQHandler                     2   2  Code  RX  stm32f407xx_Vectors.o
  08000778-08000779  SPI3_IRQHandler                     2   2  Code  RX  stm32f407xx_Vectors.o
  0800077a-0800077b  UART4_IRQHandler                    2   2  Code  RX  stm32f407xx_Vectors.o
  0800077c-0800077d  UART5_IRQHandler                    2   2  Code  RX  stm32f407xx_Vectors.o
  0800077e-0800077f  TIM6_DAC_IRQHandler                 2   2  Code  RX  stm32f407xx_Vectors.o
  08000780-08000781  TIM7_IRQHandler                     2   2  Code  RX  stm32f407xx_Vectors.o
  08000782-08000783  DMA2_Stream0_IRQHandler             2   2  Code  RX  stm32f407xx_Vectors.o
  08000784-08000785  DMA2_Stream1_IRQHandler             2   2  Code  RX  stm32f407xx_Vectors.o
  08000786-08000787  DMA2_Stream2_IRQHandler             2   2  Code  RX  stm32f407xx_Vectors.o
  08000788-08000789  DMA2_Stream3_IRQHandler             2   2  Code  RX  stm32f407xx_Vectors.o
  0800078a-0800078b  DMA2_Stream4_IRQHandler             2   2  Code  RX  stm32f407xx_Vectors.o
  0800078c-0800078d  ETH_IRQHandler                      2   2  Code  RX  stm32f407xx_Vectors.o
  0800078e-0800078f  ETH_WKUP_IRQHandler                 2   2  Code  RX  stm32f407xx_Vectors.o
  08000790-08000791  CAN2_TX_IRQHandler                  2   2  Code  RX  stm32f407xx_Vectors.o
  08000792-08000793  CAN2_RX0_IRQHandler                 2   2  Code  RX  stm32f407xx_Vectors.o
  08000794-08000795  CAN2_RX1_IRQHandler                 2   2  Code  RX  stm32f407xx_Vectors.o
  08000796-08000797  CAN2_SCE_IRQHandler                 2   2  Code  RX  stm32f407xx_Vectors.o
  08000798-08000799  OTG_FS_IRQHandler                   2   2  Code  RX  stm32f407xx_Vectors.o
  0800079a-0800079b  DMA2_Stream5_IRQHandler             2   2  Code  RX  stm32f407xx_Vectors.o
  0800079c-0800079d  DMA2_Stream6_IRQHandler             2   2  Code  RX  stm32f407xx_Vectors.o
  0800079e-0800079f  DMA2_Stream7_IRQHandler             2   2  Code  RX  stm32f407xx_Vectors.o
  080007a0-080007a1  USART6_IRQHandler                   2   2  Code  RX  stm32f407xx_Vectors.o
  080007a2-080007a3  I2C3_EV_IRQHandler                  2   2  Code  RX  stm32f407xx_Vectors.o
  080007a4-080007a5  I2C3_ER_IRQHandler                  2   2  Code  RX  stm32f407xx_Vectors.o
  080007a6-080007a7  OTG_HS_EP1_OUT_IRQHandler           2   2  Code  RX  stm32f407xx_Vectors.o
  080007a8-080007a9  OTG_HS_EP1_IN_IRQHandler            2   2  Code  RX  stm32f407xx_Vectors.o
  080007aa-080007ab  OTG_HS_WKUP_IRQHandler              2   2  Code  RX  stm32f407xx_Vectors.o
  080007ac-080007ad  OTG_HS_IRQHandler                   2   2  Code  RX  stm32f407xx_Vectors.o
  080007ae-080007af  DCMI_IRQHandler                     2   2  Code  RX  stm32f407xx_Vectors.o
  080007b0-080007b1  HASH_RNG_IRQHandler                 2   2  Code  RX  stm32f407xx_Vectors.o
  080007b2-080007b3  FPU_IRQHandler                      2   2  Code  RX  stm32f407xx_Vectors.o
  080007b4-080007cb  reset_handler                      24   2  Code  RX  STM32F4xx_Startup.o
  080007cc-080007d6  [.rodata..L.str.1]                 11   1  Cnst  RO  main.o
  080007d7-080007e1  [.rodata..L.str.2]                 11   1  Cnst  RO  main.o
  080007e2-080007e3  ( UNUSED .=.+2 )                    2   -  ----  -   -
  080007e4-080007e7  [.init_array]                       4   4  ----  --  STM32F4xx_Startup.o
  080007e8-080007f7  AHBPrescTable                      16   1  Cnst  RO  system_stm32f4xx.o
  080007f8-08000803  [.rodata..L.str]                   12   1  Cnst  RO  main.o
  08000804-08000827  __SEGGER_init_ctors                36   4  Code  RX  SEGGER_crtinit.o (SEGGER_crtinit_v7em_fpv4_sp_d16_hard_t_le_eabi_balanced.a)
  08000828-0800083f  __SEGGER_init_table__              24   4  Cnst  RO  [ Linker created ]
  08000840-08000843  __SEGGER_init_data__                4   4  Cnst  RO  [ Linker created ]
  08000844-08000857  __SEGGER_init_copy                 20   2  Code  RX  SEGGER_crtinit.o (SEGGER_crtinit_v7em_fpv4_sp_d16_hard_t_le_eabi_balanced.a)
  08000858-0fffffff  ( UNUSED .=.+134215592 )   134 215 592
                                                             -  ----  -   -
  10000000-10000003  SystemCoreClock                     4   4  Init  RW  system_stm32f4xx.o
  10000004-2001f7ff  ( UNUSED .=.+268564476 )   268 564 476
                                                             -  ----  -   -
  2001f800-2001ffff  [.bss.block.stack]              2 048   8  None  ZI  [ Linker created ]


***********************************************************************************************
***                                                                                         ***
***                                       SYMBOL LIST                                       ***
***                                                                                         ***
***********************************************************************************************

Function symbols by name:

  Symbol name                   Address        Size  Align  Type  Bd  Object File
  -------------------------  ----------  ----------  -----  ----  --  -----------
  ADC_IRQHandler             0x0800073B                  2  Code  Wk  stm32f407xx_Vectors.o
  BusFault_Handler           0x0800070B                  2  Code  Wk  stm32f407xx_Vectors.o
  CAN1_RX0_IRQHandler        0x0800073F                  2  Code  Wk  stm32f407xx_Vectors.o
  CAN1_RX1_IRQHandler        0x08000741                  2  Code  Wk  stm32f407xx_Vectors.o
  CAN1_SCE_IRQHandler        0x08000743                  2  Code  Wk  stm32f407xx_Vectors.o
  CAN1_TX_IRQHandler         0x0800073D                  2  Code  Wk  stm32f407xx_Vectors.o
  CAN2_RX0_IRQHandler        0x08000793                  2  Code  Wk  stm32f407xx_Vectors.o
  CAN2_RX1_IRQHandler        0x08000795                  2  Code  Wk  stm32f407xx_Vectors.o
  CAN2_SCE_IRQHandler        0x08000797                  2  Code  Wk  stm32f407xx_Vectors.o
  CAN2_TX_IRQHandler         0x08000791                  2  Code  Wk  stm32f407xx_Vectors.o
  DCMI_IRQHandler            0x080007AF                  2  Code  Wk  stm32f407xx_Vectors.o
  DMA1_Stream0_IRQHandler    0x0800072D                  2  Code  Wk  stm32f407xx_Vectors.o
  DMA1_Stream1_IRQHandler    0x0800072F                  2  Code  Wk  stm32f407xx_Vectors.o
  DMA1_Stream2_IRQHandler    0x08000731                  2  Code  Wk  stm32f407xx_Vectors.o
  DMA1_Stream3_IRQHandler    0x08000733                  2  Code  Wk  stm32f407xx_Vectors.o
  DMA1_Stream4_IRQHandler    0x08000735                  2  Code  Wk  stm32f407xx_Vectors.o
  DMA1_Stream5_IRQHandler    0x08000737                  2  Code  Wk  stm32f407xx_Vectors.o
  DMA1_Stream6_IRQHandler    0x08000739                  2  Code  Wk  stm32f407xx_Vectors.o
  DMA1_Stream7_IRQHandler    0x08000771                  2  Code  Wk  stm32f407xx_Vectors.o
  DMA2_Stream0_IRQHandler    0x08000783                  2  Code  Wk  stm32f407xx_Vectors.o
  DMA2_Stream1_IRQHandler    0x08000785                  2  Code  Wk  stm32f407xx_Vectors.o
  DMA2_Stream2_IRQHandler    0x08000787                  2  Code  Wk  stm32f407xx_Vectors.o
  DMA2_Stream3_IRQHandler    0x08000789                  2  Code  Wk  stm32f407xx_Vectors.o
  DMA2_Stream4_IRQHandler    0x0800078B                  2  Code  Wk  stm32f407xx_Vectors.o
  DMA2_Stream5_IRQHandler    0x0800079B                  2  Code  Wk  stm32f407xx_Vectors.o
  DMA2_Stream6_IRQHandler    0x0800079D                  2  Code  Wk  stm32f407xx_Vectors.o
  DMA2_Stream7_IRQHandler    0x0800079F                  2  Code  Wk  stm32f407xx_Vectors.o
  DebugMon_Handler           0x08000711                  2  Code  Wk  stm32f407xx_Vectors.o
  ETH_IRQHandler             0x0800078D                  2  Code  Wk  stm32f407xx_Vectors.o
  ETH_WKUP_IRQHandler        0x0800078F                  2  Code  Wk  stm32f407xx_Vectors.o
  EXTI0_IRQHandler           0x08000723                  2  Code  Wk  stm32f407xx_Vectors.o
  EXTI15_10_IRQHandler       0x08000441         136      4  Code  Gb  main.o
  EXTI1_IRQHandler           0x08000725                  2  Code  Wk  stm32f407xx_Vectors.o
  EXTI2_IRQHandler           0x08000727                  2  Code  Wk  stm32f407xx_Vectors.o
  EXTI3_IRQHandler           0x08000729                  2  Code  Wk  stm32f407xx_Vectors.o
  EXTI4_IRQHandler           0x0800072B                  2  Code  Wk  stm32f407xx_Vectors.o
  EXTI9_5_IRQHandler         0x08000745                  2  Code  Wk  stm32f407xx_Vectors.o
  EXTI_Init                  0x080002AD         164      4  Code  Gb  main.o
  FLASH_IRQHandler           0x0800071F                  2  Code  Wk  stm32f407xx_Vectors.o
  FPU_IRQHandler             0x080007B3                  2  Code  Wk  stm32f407xx_Vectors.o
  FSMC_IRQHandler            0x08000773                  2  Code  Wk  stm32f407xx_Vectors.o
  GPIO_Init                  0x080006D1          58      4  Code  Gb  main.o
  HASH_RNG_IRQHandler        0x080007B1                  2  Code  Wk  stm32f407xx_Vectors.o
  HardFault_Handler          0x08000675                  4  Code  Wk  STM32F4xx_Startup.o
  I2C1_ER_IRQHandler         0x08000757                  2  Code  Wk  stm32f407xx_Vectors.o
  I2C1_EV_IRQHandler         0x08000755                  2  Code  Wk  stm32f407xx_Vectors.o
  I2C2_ER_IRQHandler         0x0800075B                  2  Code  Wk  stm32f407xx_Vectors.o
  I2C2_EV_IRQHandler         0x08000759                  2  Code  Wk  stm32f407xx_Vectors.o
  I2C3_ER_IRQHandler         0x080007A5                  2  Code  Wk  stm32f407xx_Vectors.o
  I2C3_EV_IRQHandler         0x080007A3                  2  Code  Wk  stm32f407xx_Vectors.o
  MemManage_Handler          0x080006CF                  2  Code  Wk  stm32f407xx_Vectors.o
  NMI_Handler                0x080006AF                  2  Code  Wk  stm32f407xx_Vectors.o
  OTG_FS_IRQHandler          0x08000799                  2  Code  Wk  stm32f407xx_Vectors.o
  OTG_FS_WKUP_IRQHandler     0x08000767                  2  Code  Wk  stm32f407xx_Vectors.o
  OTG_HS_EP1_IN_IRQHandler   0x080007A9                  2  Code  Wk  stm32f407xx_Vectors.o
  OTG_HS_EP1_OUT_IRQHandler  0x080007A7                  2  Code  Wk  stm32f407xx_Vectors.o
  OTG_HS_IRQHandler          0x080007AD                  2  Code  Wk  stm32f407xx_Vectors.o
  OTG_HS_WKUP_IRQHandler     0x080007AB                  2  Code  Wk  stm32f407xx_Vectors.o
  PVD_IRQHandler             0x08000719                  2  Code  Wk  stm32f407xx_Vectors.o
  PendSV_Handler             0x08000713                  2  Code  Wk  stm32f407xx_Vectors.o
  RCC_IRQHandler             0x08000721                  2  Code  Wk  stm32f407xx_Vectors.o
  RCC_Init                   0x08000585         220      4  Code  Gb  RCC_Init.o
  RTC_Alarm_IRQHandler       0x08000765                  2  Code  Wk  stm32f407xx_Vectors.o
  RTC_WKUP_IRQHandler        0x0800071D                  2  Code  Wk  stm32f407xx_Vectors.o
  Reset_Handler              0x080007B5                  2  Code  Gb  STM32F4xx_Startup.o
  SDIO_IRQHandler            0x08000775                  2  Code  Wk  stm32f407xx_Vectors.o
  SPI1_IRQHandler            0x0800075D                  2  Code  Wk  stm32f407xx_Vectors.o
  SPI2_IRQHandler            0x0800075F                  2  Code  Wk  stm32f407xx_Vectors.o
  SPI3_IRQHandler            0x08000779                  2  Code  Wk  stm32f407xx_Vectors.o
  SVC_Handler                0x0800070F                  2  Code  Wk  stm32f407xx_Vectors.o
  SysTick_Handler            0x08000715                  2  Code  Wk  stm32f407xx_Vectors.o
  SystemCoreClockUpdate      0x08000189         292      4  Code  Gb  system_stm32f4xx.o
  SystemInit                 0x0800069D          18      4  Code  Gb  system_stm32f4xx.o
  TAMP_STAMP_IRQHandler      0x0800071B                  2  Code  Wk  stm32f407xx_Vectors.o
  TIM1_BRK_TIM9_IRQHandler   0x08000747                  2  Code  Wk  stm32f407xx_Vectors.o
  TIM1_CC_IRQHandler         0x0800074D                  2  Code  Wk  stm32f407xx_Vectors.o
  TIM1_TRG_COM_TIM11_IRQHandler
                             0x0800074B                  2  Code  Wk  stm32f407xx_Vectors.o
  TIM1_UP_TIM10_IRQHandler   0x08000749                  2  Code  Wk  stm32f407xx_Vectors.o
  TIM2_IRQHandler            0x0800074F                  2  Code  Wk  stm32f407xx_Vectors.o
  TIM3_IRQHandler            0x08000751                  2  Code  Wk  stm32f407xx_Vectors.o
  TIM4_IRQHandler            0x08000753                  2  Code  Wk  stm32f407xx_Vectors.o
  TIM5_IRQHandler            0x08000777                  2  Code  Wk  stm32f407xx_Vectors.o
  TIM6_DAC_IRQHandler        0x0800077F                  2  Code  Wk  stm32f407xx_Vectors.o
  TIM7_IRQHandler            0x08000781                  2  Code  Wk  stm32f407xx_Vectors.o
  TIM8_BRK_TIM12_IRQHandler  0x08000769                  2  Code  Wk  stm32f407xx_Vectors.o
  TIM8_CC_IRQHandler         0x0800076F                  2  Code  Wk  stm32f407xx_Vectors.o
  TIM8_TRG_COM_TIM14_IRQHandler
                             0x0800076D                  2  Code  Wk  stm32f407xx_Vectors.o
  TIM8_UP_TIM13_IRQHandler   0x0800076B                  2  Code  Wk  stm32f407xx_Vectors.o
  UART4_IRQHandler           0x0800077B                  2  Code  Wk  stm32f407xx_Vectors.o
  UART5_IRQHandler           0x0800077D                  2  Code  Wk  stm32f407xx_Vectors.o
  USART1_IRQHandler          0x080004C9         144      4  Code  Gb  main.o
  USART1_Init                0x08000351         144      4  Code  Gb  main.o
  USART2_IRQHandler          0x08000761                  2  Code  Wk  stm32f407xx_Vectors.o
  USART3_IRQHandler          0x08000763                  2  Code  Wk  stm32f407xx_Vectors.o
  USART6_IRQHandler          0x080007A1                  2  Code  Wk  stm32f407xx_Vectors.o
  UsageFault_Handler         0x0800070D                  2  Code  Wk  stm32f407xx_Vectors.o
  WWDG_IRQHandler            0x08000717                  2  Code  Wk  stm32f407xx_Vectors.o
  __NVIC_ClearPendingIRQ     0x08000559          44      4  Code  Lc  main.o
  __NVIC_EnableIRQ           0x080003E1          44      4  Code  Lc  main.o
  __SEGGER_init_copy         0x08000845          20      2  Code  Wk  SEGGER_crtinit.o (SEGGER_crtinit_v7em_fpv4_sp_d16_hard_t_le_eabi_balanced.a)
  __SEGGER_init_ctors        0x08000805          26      4  Code  Wk  SEGGER_crtinit.o (SEGGER_crtinit_v7em_fpv4_sp_d16_hard_t_le_eabi_balanced.a)
  __SEGGER_init_done         0x0800066B                  4  Code  Gb  SEGGER_THUMB_Startup.o
  __startup_complete         0x0800066B                  4  Code  Gb  SEGGER_THUMB_Startup.o
  _start                     0x08000661          14      4  Code  Gb  SEGGER_THUMB_Startup.o
  exit                       0x0800066F           2      4  Code  Gb  SEGGER_THUMB_Startup.o
  main                       0x080006B1          30      4  Code  Gb  main.o
  reset_handler              0x080007B5                  2  Code  Gb  STM32F4xx_Startup.o
  sendStringUSART            0x0800040D          52      4  Code  Gb  main.o

Function symbols by address:

     Address  Symbol name                      Size  Align  Type  Bd  Object File
  ----------  -------------------------  ----------  -----  ----  --  -----------
  0x08000189  SystemCoreClockUpdate             292      4  Code  Gb  system_stm32f4xx.o
  0x080002AD  EXTI_Init                         164      4  Code  Gb  main.o
  0x08000351  USART1_Init                       144      4  Code  Gb  main.o
  0x080003E1  __NVIC_EnableIRQ                   44      4  Code  Lc  main.o
  0x0800040D  sendStringUSART                    52      4  Code  Gb  main.o
  0x08000441  EXTI15_10_IRQHandler              136      4  Code  Gb  main.o
  0x080004C9  USART1_IRQHandler                 144      4  Code  Gb  main.o
  0x08000559  __NVIC_ClearPendingIRQ             44      4  Code  Lc  main.o
  0x08000585  RCC_Init                          220      4  Code  Gb  RCC_Init.o
  0x08000661  _start                             14      4  Code  Gb  SEGGER_THUMB_Startup.o
  0x0800066B  __startup_complete                         4  Code  Gb  SEGGER_THUMB_Startup.o
  0x0800066B  __SEGGER_init_done                         4  Code  Gb  SEGGER_THUMB_Startup.o
  0x0800066F  exit                                2      4  Code  Gb  SEGGER_THUMB_Startup.o
  0x08000675  HardFault_Handler                          4  Code  Wk  STM32F4xx_Startup.o
  0x0800069D  SystemInit                         18      4  Code  Gb  system_stm32f4xx.o
  0x080006AF  NMI_Handler                                2  Code  Wk  stm32f407xx_Vectors.o
  0x080006B1  main                               30      4  Code  Gb  main.o
  0x080006CF  MemManage_Handler                          2  Code  Wk  stm32f407xx_Vectors.o
  0x080006D1  GPIO_Init                          58      4  Code  Gb  main.o
  0x0800070B  BusFault_Handler                           2  Code  Wk  stm32f407xx_Vectors.o
  0x0800070D  UsageFault_Handler                         2  Code  Wk  stm32f407xx_Vectors.o
  0x0800070F  SVC_Handler                                2  Code  Wk  stm32f407xx_Vectors.o
  0x08000711  DebugMon_Handler                           2  Code  Wk  stm32f407xx_Vectors.o
  0x08000713  PendSV_Handler                             2  Code  Wk  stm32f407xx_Vectors.o
  0x08000715  SysTick_Handler                            2  Code  Wk  stm32f407xx_Vectors.o
  0x08000717  WWDG_IRQHandler                            2  Code  Wk  stm32f407xx_Vectors.o
  0x08000719  PVD_IRQHandler                             2  Code  Wk  stm32f407xx_Vectors.o
  0x0800071B  TAMP_STAMP_IRQHandler                      2  Code  Wk  stm32f407xx_Vectors.o
  0x0800071D  RTC_WKUP_IRQHandler                        2  Code  Wk  stm32f407xx_Vectors.o
  0x0800071F  FLASH_IRQHandler                           2  Code  Wk  stm32f407xx_Vectors.o
  0x08000721  RCC_IRQHandler                             2  Code  Wk  stm32f407xx_Vectors.o
  0x08000723  EXTI0_IRQHandler                           2  Code  Wk  stm32f407xx_Vectors.o
  0x08000725  EXTI1_IRQHandler                           2  Code  Wk  stm32f407xx_Vectors.o
  0x08000727  EXTI2_IRQHandler                           2  Code  Wk  stm32f407xx_Vectors.o
  0x08000729  EXTI3_IRQHandler                           2  Code  Wk  stm32f407xx_Vectors.o
  0x0800072B  EXTI4_IRQHandler                           2  Code  Wk  stm32f407xx_Vectors.o
  0x0800072D  DMA1_Stream0_IRQHandler                    2  Code  Wk  stm32f407xx_Vectors.o
  0x0800072F  DMA1_Stream1_IRQHandler                    2  Code  Wk  stm32f407xx_Vectors.o
  0x08000731  DMA1_Stream2_IRQHandler                    2  Code  Wk  stm32f407xx_Vectors.o
  0x08000733  DMA1_Stream3_IRQHandler                    2  Code  Wk  stm32f407xx_Vectors.o
  0x08000735  DMA1_Stream4_IRQHandler                    2  Code  Wk  stm32f407xx_Vectors.o
  0x08000737  DMA1_Stream5_IRQHandler                    2  Code  Wk  stm32f407xx_Vectors.o
  0x08000739  DMA1_Stream6_IRQHandler                    2  Code  Wk  stm32f407xx_Vectors.o
  0x0800073B  ADC_IRQHandler                             2  Code  Wk  stm32f407xx_Vectors.o
  0x0800073D  CAN1_TX_IRQHandler                         2  Code  Wk  stm32f407xx_Vectors.o
  0x0800073F  CAN1_RX0_IRQHandler                        2  Code  Wk  stm32f407xx_Vectors.o
  0x08000741  CAN1_RX1_IRQHandler                        2  Code  Wk  stm32f407xx_Vectors.o
  0x08000743  CAN1_SCE_IRQHandler                        2  Code  Wk  stm32f407xx_Vectors.o
  0x08000745  EXTI9_5_IRQHandler                         2  Code  Wk  stm32f407xx_Vectors.o
  0x08000747  TIM1_BRK_TIM9_IRQHandler                   2  Code  Wk  stm32f407xx_Vectors.o
  0x08000749  TIM1_UP_TIM10_IRQHandler                   2  Code  Wk  stm32f407xx_Vectors.o
  0x0800074B  TIM1_TRG_COM_TIM11_IRQHandler
                                                         2  Code  Wk  stm32f407xx_Vectors.o
  0x0800074D  TIM1_CC_IRQHandler                         2  Code  Wk  stm32f407xx_Vectors.o
  0x0800074F  TIM2_IRQHandler                            2  Code  Wk  stm32f407xx_Vectors.o
  0x08000751  TIM3_IRQHandler                            2  Code  Wk  stm32f407xx_Vectors.o
  0x08000753  TIM4_IRQHandler                            2  Code  Wk  stm32f407xx_Vectors.o
  0x08000755  I2C1_EV_IRQHandler                         2  Code  Wk  stm32f407xx_Vectors.o
  0x08000757  I2C1_ER_IRQHandler                         2  Code  Wk  stm32f407xx_Vectors.o
  0x08000759  I2C2_EV_IRQHandler                         2  Code  Wk  stm32f407xx_Vectors.o
  0x0800075B  I2C2_ER_IRQHandler                         2  Code  Wk  stm32f407xx_Vectors.o
  0x0800075D  SPI1_IRQHandler                            2  Code  Wk  stm32f407xx_Vectors.o
  0x0800075F  SPI2_IRQHandler                            2  Code  Wk  stm32f407xx_Vectors.o
  0x08000761  USART2_IRQHandler                          2  Code  Wk  stm32f407xx_Vectors.o
  0x08000763  USART3_IRQHandler                          2  Code  Wk  stm32f407xx_Vectors.o
  0x08000765  RTC_Alarm_IRQHandler                       2  Code  Wk  stm32f407xx_Vectors.o
  0x08000767  OTG_FS_WKUP_IRQHandler                     2  Code  Wk  stm32f407xx_Vectors.o
  0x08000769  TIM8_BRK_TIM12_IRQHandler                  2  Code  Wk  stm32f407xx_Vectors.o
  0x0800076B  TIM8_UP_TIM13_IRQHandler                   2  Code  Wk  stm32f407xx_Vectors.o
  0x0800076D  TIM8_TRG_COM_TIM14_IRQHandler
                                                         2  Code  Wk  stm32f407xx_Vectors.o
  0x0800076F  TIM8_CC_IRQHandler                         2  Code  Wk  stm32f407xx_Vectors.o
  0x08000771  DMA1_Stream7_IRQHandler                    2  Code  Wk  stm32f407xx_Vectors.o
  0x08000773  FSMC_IRQHandler                            2  Code  Wk  stm32f407xx_Vectors.o
  0x08000775  SDIO_IRQHandler                            2  Code  Wk  stm32f407xx_Vectors.o
  0x08000777  TIM5_IRQHandler                            2  Code  Wk  stm32f407xx_Vectors.o
  0x08000779  SPI3_IRQHandler                            2  Code  Wk  stm32f407xx_Vectors.o
  0x0800077B  UART4_IRQHandler                           2  Code  Wk  stm32f407xx_Vectors.o
  0x0800077D  UART5_IRQHandler                           2  Code  Wk  stm32f407xx_Vectors.o
  0x0800077F  TIM6_DAC_IRQHandler                        2  Code  Wk  stm32f407xx_Vectors.o
  0x08000781  TIM7_IRQHandler                            2  Code  Wk  stm32f407xx_Vectors.o
  0x08000783  DMA2_Stream0_IRQHandler                    2  Code  Wk  stm32f407xx_Vectors.o
  0x08000785  DMA2_Stream1_IRQHandler                    2  Code  Wk  stm32f407xx_Vectors.o
  0x08000787  DMA2_Stream2_IRQHandler                    2  Code  Wk  stm32f407xx_Vectors.o
  0x08000789  DMA2_Stream3_IRQHandler                    2  Code  Wk  stm32f407xx_Vectors.o
  0x0800078B  DMA2_Stream4_IRQHandler                    2  Code  Wk  stm32f407xx_Vectors.o
  0x0800078D  ETH_IRQHandler                             2  Code  Wk  stm32f407xx_Vectors.o
  0x0800078F  ETH_WKUP_IRQHandler                        2  Code  Wk  stm32f407xx_Vectors.o
  0x08000791  CAN2_TX_IRQHandler                         2  Code  Wk  stm32f407xx_Vectors.o
  0x08000793  CAN2_RX0_IRQHandler                        2  Code  Wk  stm32f407xx_Vectors.o
  0x08000795  CAN2_RX1_IRQHandler                        2  Code  Wk  stm32f407xx_Vectors.o
  0x08000797  CAN2_SCE_IRQHandler                        2  Code  Wk  stm32f407xx_Vectors.o
  0x08000799  OTG_FS_IRQHandler                          2  Code  Wk  stm32f407xx_Vectors.o
  0x0800079B  DMA2_Stream5_IRQHandler                    2  Code  Wk  stm32f407xx_Vectors.o
  0x0800079D  DMA2_Stream6_IRQHandler                    2  Code  Wk  stm32f407xx_Vectors.o
  0x0800079F  DMA2_Stream7_IRQHandler                    2  Code  Wk  stm32f407xx_Vectors.o
  0x080007A1  USART6_IRQHandler                          2  Code  Wk  stm32f407xx_Vectors.o
  0x080007A3  I2C3_EV_IRQHandler                         2  Code  Wk  stm32f407xx_Vectors.o
  0x080007A5  I2C3_ER_IRQHandler                         2  Code  Wk  stm32f407xx_Vectors.o
  0x080007A7  OTG_HS_EP1_OUT_IRQHandler                  2  Code  Wk  stm32f407xx_Vectors.o
  0x080007A9  OTG_HS_EP1_IN_IRQHandler                   2  Code  Wk  stm32f407xx_Vectors.o
  0x080007AB  OTG_HS_WKUP_IRQHandler                     2  Code  Wk  stm32f407xx_Vectors.o
  0x080007AD  OTG_HS_IRQHandler                          2  Code  Wk  stm32f407xx_Vectors.o
  0x080007AF  DCMI_IRQHandler                            2  Code  Wk  stm32f407xx_Vectors.o
  0x080007B1  HASH_RNG_IRQHandler                        2  Code  Wk  stm32f407xx_Vectors.o
  0x080007B3  FPU_IRQHandler                             2  Code  Wk  stm32f407xx_Vectors.o
  0x080007B5  reset_handler                              2  Code  Gb  STM32F4xx_Startup.o
  0x080007B5  Reset_Handler                              2  Code  Gb  STM32F4xx_Startup.o
  0x08000805  __SEGGER_init_ctors                26      4  Code  Wk  SEGGER_crtinit.o (SEGGER_crtinit_v7em_fpv4_sp_d16_hard_t_le_eabi_balanced.a)
  0x08000845  __SEGGER_init_copy                 20      2  Code  Wk  SEGGER_crtinit.o (SEGGER_crtinit_v7em_fpv4_sp_d16_hard_t_le_eabi_balanced.a)

Function symbols by descending size:

  Symbol name                      Size  Align  Type  Bd  Object File
  -------------------------  ----------  -----  ----  --  -----------
  SystemCoreClockUpdate             292      4  Code  Gb  system_stm32f4xx.o
  RCC_Init                          220      4  Code  Gb  RCC_Init.o
  EXTI_Init                         164      4  Code  Gb  main.o
  USART1_IRQHandler                 144      4  Code  Gb  main.o
  USART1_Init                       144      4  Code  Gb  main.o
  EXTI15_10_IRQHandler              136      4  Code  Gb  main.o
  GPIO_Init                          58      4  Code  Gb  main.o
  sendStringUSART                    52      4  Code  Gb  main.o
  __NVIC_ClearPendingIRQ             44      4  Code  Lc  main.o
  __NVIC_EnableIRQ                   44      4  Code  Lc  main.o
  main                               30      4  Code  Gb  main.o
  __SEGGER_init_ctors                26      4  Code  Wk  SEGGER_crtinit.o (SEGGER_crtinit_v7em_fpv4_sp_d16_hard_t_le_eabi_balanced.a)
  __SEGGER_init_copy                 20      2  Code  Wk  SEGGER_crtinit.o (SEGGER_crtinit_v7em_fpv4_sp_d16_hard_t_le_eabi_balanced.a)
  SystemInit                         18      4  Code  Gb  system_stm32f4xx.o
  _start                             14      4  Code  Gb  SEGGER_THUMB_Startup.o
  exit                                2      4  Code  Gb  SEGGER_THUMB_Startup.o
  ADC_IRQHandler                             2  Code  Wk  stm32f407xx_Vectors.o
  BusFault_Handler                           2  Code  Wk  stm32f407xx_Vectors.o
  CAN1_RX0_IRQHandler                        2  Code  Wk  stm32f407xx_Vectors.o
  CAN1_RX1_IRQHandler                        2  Code  Wk  stm32f407xx_Vectors.o
  CAN1_SCE_IRQHandler                        2  Code  Wk  stm32f407xx_Vectors.o
  CAN1_TX_IRQHandler                         2  Code  Wk  stm32f407xx_Vectors.o
  CAN2_RX0_IRQHandler                        2  Code  Wk  stm32f407xx_Vectors.o
  CAN2_RX1_IRQHandler                        2  Code  Wk  stm32f407xx_Vectors.o
  CAN2_SCE_IRQHandler                        2  Code  Wk  stm32f407xx_Vectors.o
  CAN2_TX_IRQHandler                         2  Code  Wk  stm32f407xx_Vectors.o
  DCMI_IRQHandler                            2  Code  Wk  stm32f407xx_Vectors.o
  DMA1_Stream0_IRQHandler                    2  Code  Wk  stm32f407xx_Vectors.o
  DMA1_Stream1_IRQHandler                    2  Code  Wk  stm32f407xx_Vectors.o
  DMA1_Stream2_IRQHandler                    2  Code  Wk  stm32f407xx_Vectors.o
  DMA1_Stream3_IRQHandler                    2  Code  Wk  stm32f407xx_Vectors.o
  DMA1_Stream4_IRQHandler                    2  Code  Wk  stm32f407xx_Vectors.o
  DMA1_Stream5_IRQHandler                    2  Code  Wk  stm32f407xx_Vectors.o
  DMA1_Stream6_IRQHandler                    2  Code  Wk  stm32f407xx_Vectors.o
  DMA1_Stream7_IRQHandler                    2  Code  Wk  stm32f407xx_Vectors.o
  DMA2_Stream0_IRQHandler                    2  Code  Wk  stm32f407xx_Vectors.o
  DMA2_Stream1_IRQHandler                    2  Code  Wk  stm32f407xx_Vectors.o
  DMA2_Stream2_IRQHandler                    2  Code  Wk  stm32f407xx_Vectors.o
  DMA2_Stream3_IRQHandler                    2  Code  Wk  stm32f407xx_Vectors.o
  DMA2_Stream4_IRQHandler                    2  Code  Wk  stm32f407xx_Vectors.o
  DMA2_Stream5_IRQHandler                    2  Code  Wk  stm32f407xx_Vectors.o
  DMA2_Stream6_IRQHandler                    2  Code  Wk  stm32f407xx_Vectors.o
  DMA2_Stream7_IRQHandler                    2  Code  Wk  stm32f407xx_Vectors.o
  DebugMon_Handler                           2  Code  Wk  stm32f407xx_Vectors.o
  ETH_IRQHandler                             2  Code  Wk  stm32f407xx_Vectors.o
  ETH_WKUP_IRQHandler                        2  Code  Wk  stm32f407xx_Vectors.o
  EXTI0_IRQHandler                           2  Code  Wk  stm32f407xx_Vectors.o
  EXTI1_IRQHandler                           2  Code  Wk  stm32f407xx_Vectors.o
  EXTI2_IRQHandler                           2  Code  Wk  stm32f407xx_Vectors.o
  EXTI3_IRQHandler                           2  Code  Wk  stm32f407xx_Vectors.o
  EXTI4_IRQHandler                           2  Code  Wk  stm32f407xx_Vectors.o
  EXTI9_5_IRQHandler                         2  Code  Wk  stm32f407xx_Vectors.o
  FLASH_IRQHandler                           2  Code  Wk  stm32f407xx_Vectors.o
  FPU_IRQHandler                             2  Code  Wk  stm32f407xx_Vectors.o
  FSMC_IRQHandler                            2  Code  Wk  stm32f407xx_Vectors.o
  HASH_RNG_IRQHandler                        2  Code  Wk  stm32f407xx_Vectors.o
  HardFault_Handler                          4  Code  Wk  STM32F4xx_Startup.o
  I2C1_ER_IRQHandler                         2  Code  Wk  stm32f407xx_Vectors.o
  I2C1_EV_IRQHandler                         2  Code  Wk  stm32f407xx_Vectors.o
  I2C2_ER_IRQHandler                         2  Code  Wk  stm32f407xx_Vectors.o
  I2C2_EV_IRQHandler                         2  Code  Wk  stm32f407xx_Vectors.o
  I2C3_ER_IRQHandler                         2  Code  Wk  stm32f407xx_Vectors.o
  I2C3_EV_IRQHandler                         2  Code  Wk  stm32f407xx_Vectors.o
  MemManage_Handler                          2  Code  Wk  stm32f407xx_Vectors.o
  NMI_Handler                                2  Code  Wk  stm32f407xx_Vectors.o
  OTG_FS_IRQHandler                          2  Code  Wk  stm32f407xx_Vectors.o
  OTG_FS_WKUP_IRQHandler                     2  Code  Wk  stm32f407xx_Vectors.o
  OTG_HS_EP1_IN_IRQHandler                   2  Code  Wk  stm32f407xx_Vectors.o
  OTG_HS_EP1_OUT_IRQHandler                  2  Code  Wk  stm32f407xx_Vectors.o
  OTG_HS_IRQHandler                          2  Code  Wk  stm32f407xx_Vectors.o
  OTG_HS_WKUP_IRQHandler                     2  Code  Wk  stm32f407xx_Vectors.o
  PVD_IRQHandler                             2  Code  Wk  stm32f407xx_Vectors.o
  PendSV_Handler                             2  Code  Wk  stm32f407xx_Vectors.o
  RCC_IRQHandler                             2  Code  Wk  stm32f407xx_Vectors.o
  RTC_Alarm_IRQHandler                       2  Code  Wk  stm32f407xx_Vectors.o
  RTC_WKUP_IRQHandler                        2  Code  Wk  stm32f407xx_Vectors.o
  Reset_Handler                              2  Code  Gb  STM32F4xx_Startup.o
  SDIO_IRQHandler                            2  Code  Wk  stm32f407xx_Vectors.o
  SPI1_IRQHandler                            2  Code  Wk  stm32f407xx_Vectors.o
  SPI2_IRQHandler                            2  Code  Wk  stm32f407xx_Vectors.o
  SPI3_IRQHandler                            2  Code  Wk  stm32f407xx_Vectors.o
  SVC_Handler                                2  Code  Wk  stm32f407xx_Vectors.o
  SysTick_Handler                            2  Code  Wk  stm32f407xx_Vectors.o
  TAMP_STAMP_IRQHandler                      2  Code  Wk  stm32f407xx_Vectors.o
  TIM1_BRK_TIM9_IRQHandler                   2  Code  Wk  stm32f407xx_Vectors.o
  TIM1_CC_IRQHandler                         2  Code  Wk  stm32f407xx_Vectors.o
  TIM1_TRG_COM_TIM11_IRQHandler
                                             2  Code  Wk  stm32f407xx_Vectors.o
  TIM1_UP_TIM10_IRQHandler                   2  Code  Wk  stm32f407xx_Vectors.o
  TIM2_IRQHandler                            2  Code  Wk  stm32f407xx_Vectors.o
  TIM3_IRQHandler                            2  Code  Wk  stm32f407xx_Vectors.o
  TIM4_IRQHandler                            2  Code  Wk  stm32f407xx_Vectors.o
  TIM5_IRQHandler                            2  Code  Wk  stm32f407xx_Vectors.o
  TIM6_DAC_IRQHandler                        2  Code  Wk  stm32f407xx_Vectors.o
  TIM7_IRQHandler                            2  Code  Wk  stm32f407xx_Vectors.o
  TIM8_BRK_TIM12_IRQHandler                  2  Code  Wk  stm32f407xx_Vectors.o
  TIM8_CC_IRQHandler                         2  Code  Wk  stm32f407xx_Vectors.o
  TIM8_TRG_COM_TIM14_IRQHandler
                                             2  Code  Wk  stm32f407xx_Vectors.o
  TIM8_UP_TIM13_IRQHandler                   2  Code  Wk  stm32f407xx_Vectors.o
  UART4_IRQHandler                           2  Code  Wk  stm32f407xx_Vectors.o
  UART5_IRQHandler                           2  Code  Wk  stm32f407xx_Vectors.o
  USART2_IRQHandler                          2  Code  Wk  stm32f407xx_Vectors.o
  USART3_IRQHandler                          2  Code  Wk  stm32f407xx_Vectors.o
  USART6_IRQHandler                          2  Code  Wk  stm32f407xx_Vectors.o
  UsageFault_Handler                         2  Code  Wk  stm32f407xx_Vectors.o
  WWDG_IRQHandler                            2  Code  Wk  stm32f407xx_Vectors.o
  __SEGGER_init_done                         4  Code  Gb  SEGGER_THUMB_Startup.o
  __startup_complete                         4  Code  Gb  SEGGER_THUMB_Startup.o
  reset_handler                              2  Code  Gb  STM32F4xx_Startup.o

Read-write data symbols by name:

  Symbol name                   Address        Size  Align  Type  Bd  Object File
  -------------------------  ----------  ----------  -----  ----  --  -----------
  SystemCoreClock            0x10000000           4      4  Init  Gb  system_stm32f4xx.o

Read-write data symbols by address:

     Address  Symbol name                      Size  Align  Type  Bd  Object File
  ----------  -------------------------  ----------  -----  ----  --  -----------
  0x10000000  SystemCoreClock                     4      4  Init  Gb  system_stm32f4xx.o

Read-write data symbols by descending size:

  Symbol name                      Size  Align  Type  Bd  Object File
  -------------------------  ----------  -----  ----  --  -----------
  SystemCoreClock                     4      4  Init  Gb  system_stm32f4xx.o

Read-only data symbols by name:

  Symbol name                   Address        Size  Align  Type  Bd  Object File
  -------------------------  ----------  ----------  -----  ----  --  -----------
  AHBPrescTable              0x080007E8          16         Cnst  Gb  system_stm32f4xx.o
  __SEGGER_init_data__       0x08000840         [4]      4  Cnst  Lc  [ Linker created ]
  __SEGGER_init_table__      0x08000828        [24]      4  Cnst  Lc  [ Linker created ]

Read-only data symbols by address:

     Address  Symbol name                      Size  Align  Type  Bd  Object File
  ----------  -------------------------  ----------  -----  ----  --  -----------
  0x080007E8  AHBPrescTable                      16         Cnst  Gb  system_stm32f4xx.o
  0x08000828  __SEGGER_init_table__            [24]      4  Cnst  Lc  [ Linker created ]
  0x08000840  __SEGGER_init_data__              [4]      4  Cnst  Lc  [ Linker created ]

Untyped symbols by name:

  Symbol name                     Value        Size  Align  Type  Bd  Object File
  -------------------------  ----------  ----------  -----  ----  --  -----------
  __CCM_RAM1_segment_end__   0x10010000                     ----  Gb  [ Linker created ]
  __CCM_RAM1_segment_size__  0x00010000                     ----  Gb  [ Linker created ]
  __CCM_RAM1_segment_start__
                             0x10000000                     ----  Gb  [ Linker created ]
  __CCM_RAM1_segment_used_end__
                             0x10000004                     ----  Gb  [ Linker created ]
  __CCM_RAM1_segment_used_size__
                             0x00000004                     ----  Gb  [ Linker created ]
  __CCM_RAM1_segment_used_start__
                             0x10000000                     ----  Gb  [ Linker created ]
  __DATA_RAM_segment_end__   0x20020000                     ----  Gb  [ Linker created ]
  __DATA_RAM_segment_size__  0x10020000                     ----  Gb  [ Linker created ]
  __DATA_RAM_segment_start__
                             0x10000000                     ----  Gb  [ Linker created ]
  __DATA_RAM_segment_used_end__
                             0x20020000                     ----  Gb  [ Linker created ]
  __DATA_RAM_segment_used_size__
                             0x10020000                     ----  Gb  [ Linker created ]
  __DATA_RAM_segment_used_start__
                             0x10000000                     ----  Gb  [ Linker created ]
  __FLASH1_segment_end__     0x08080000                     ----  Gb  [ Linker created ]
  __FLASH1_segment_size__    0x00080000                     ----  Gb  [ Linker created ]
  __FLASH1_segment_start__   0x08000000                     ----  Gb  [ Linker created ]
  __FLASH1_segment_used_end__
                             0x08000858                     ----  Gb  [ Linker created ]
  __FLASH1_segment_used_size__
                             0x00000858                     ----  Gb  [ Linker created ]
  __FLASH1_segment_used_start__
                             0x08000000                     ----  Gb  [ Linker created ]
  __FLASH_segment_end__      0x08080000                     ----  Gb  [ Linker created ]
  __FLASH_segment_size__     0x00080000                     ----  Gb  [ Linker created ]
  __FLASH_segment_start__    0x08000000                     ----  Gb  [ Linker created ]
  __FLASH_segment_used_end__
                             0x08000858                     ----  Gb  [ Linker created ]
  __FLASH_segment_used_size__
                             0x00000858                     ----  Gb  [ Linker created ]
  __FLASH_segment_used_start__
                             0x08000000                     ----  Gb  [ Linker created ]
  __HEAPSIZE__               0x00000400                     ----  Gb  [ Linker created ]
  __INST_RAM_segment_end__   0x20020000                     ----  Gb  [ Linker created ]
  __INST_RAM_segment_size__  0x00020000                     ----  Gb  [ Linker created ]
  __INST_RAM_segment_start__
                             0x20000000                     ----  Gb  [ Linker created ]
  __INST_RAM_segment_used_end__
                             0x20020000                     ----  Gb  [ Linker created ]
  __INST_RAM_segment_used_size__
                             0x00000800                     ----  Gb  [ Linker created ]
  __INST_RAM_segment_used_start__
                             0x2001F800                     ----  Gb  [ Linker created ]
  __RAM1_segment_end__       0x20020000                     ----  Gb  [ Linker created ]
  __RAM1_segment_size__      0x00020000                     ----  Gb  [ Linker created ]
  __RAM1_segment_start__     0x20000000                     ----  Gb  [ Linker created ]
  __RAM1_segment_used_end__  0x20020000                     ----  Gb  [ Linker created ]
  __RAM1_segment_used_size__
                             0x00000800                     ----  Gb  [ Linker created ]
  __RAM1_segment_used_start__
                             0x2001F800                     ----  Gb  [ Linker created ]
  __STACKSIZE_PROCESS__      0x00000000                     ----  Gb  [ Linker created ]
  __STACKSIZE__              0x00000800                     ----  Gb  [ Linker created ]
  __ctors_end__              0x080007E8                     ----  Gb  [ Linker created ]
  __ctors_start__            0x080007E4                     ----  Gb  [ Linker created ]
  __stack_end__              0x20020000                     ----  Gb  [ Linker created ]
  __thread_pointer$          0x00000000                     ----  Gb  [ Linker created ]
  _vectors                   0x08000000       [392]    512  Code  Gb  stm32f407xx_Vectors.o
  _vectors_end               0x08000188                512  Code  Lc  stm32f407xx_Vectors.o

Untyped symbols by address:

       Value  Symbol name                      Size  Align  Type  Bd  Object File
  ----------  -------------------------  ----------  -----  ----  --  -----------
  0x00000000  __thread_pointer$                             ----  Gb  [ Linker created ]
  0x00000000  __STACKSIZE_PROCESS__                         ----  Gb  [ Linker created ]
  0x00000004  __CCM_RAM1_segment_used_size__
                                                            ----  Gb  [ Linker created ]
  0x00000400  __HEAPSIZE__                                  ----  Gb  [ Linker created ]
  0x00000800  __STACKSIZE__                                 ----  Gb  [ Linker created ]
  0x00000800  __RAM1_segment_used_size__
                                                            ----  Gb  [ Linker created ]
  0x00000800  __INST_RAM_segment_used_size__
                                                            ----  Gb  [ Linker created ]
  0x00000858  __FLASH_segment_used_size__
                                                            ----  Gb  [ Linker created ]
  0x00000858  __FLASH1_segment_used_size__
                                                            ----  Gb  [ Linker created ]
  0x00010000  __CCM_RAM1_segment_size__                     ----  Gb  [ Linker created ]
  0x00020000  __RAM1_segment_size__                         ----  Gb  [ Linker created ]
  0x00020000  __INST_RAM_segment_size__                     ----  Gb  [ Linker created ]
  0x00080000  __FLASH_segment_size__                        ----  Gb  [ Linker created ]
  0x00080000  __FLASH1_segment_size__                       ----  Gb  [ Linker created ]
  0x08000000  _vectors                        [392]    512  Code  Gb  stm32f407xx_Vectors.o
  0x08000000  __FLASH_segment_used_start__
                                                            ----  Gb  [ Linker created ]
  0x08000000  __FLASH_segment_start__                       ----  Gb  [ Linker created ]
  0x08000000  __FLASH1_segment_used_start__
                                                            ----  Gb  [ Linker created ]
  0x08000000  __FLASH1_segment_start__                      ----  Gb  [ Linker created ]
  0x08000188  _vectors_end                             512  Code  Lc  stm32f407xx_Vectors.o
  0x080007E4  __ctors_start__                               ----  Gb  [ Linker created ]
  0x080007E8  __ctors_end__                                 ----  Gb  [ Linker created ]
  0x08000858  __FLASH_segment_used_end__
                                                            ----  Gb  [ Linker created ]
  0x08000858  __FLASH1_segment_used_end__
                                                            ----  Gb  [ Linker created ]
  0x08080000  __FLASH_segment_end__                         ----  Gb  [ Linker created ]
  0x08080000  __FLASH1_segment_end__                        ----  Gb  [ Linker created ]
  0x10000000  __DATA_RAM_segment_used_start__
                                                            ----  Gb  [ Linker created ]
  0x10000000  __DATA_RAM_segment_start__
                                                            ----  Gb  [ Linker created ]
  0x10000000  __CCM_RAM1_segment_used_start__
                                                            ----  Gb  [ Linker created ]
  0x10000000  __CCM_RAM1_segment_start__
                                                            ----  Gb  [ Linker created ]
  0x10000004  __CCM_RAM1_segment_used_end__
                                                            ----  Gb  [ Linker created ]
  0x10010000  __CCM_RAM1_segment_end__                      ----  Gb  [ Linker created ]
  0x10020000  __DATA_RAM_segment_used_size__
                                                            ----  Gb  [ Linker created ]
  0x10020000  __DATA_RAM_segment_size__                     ----  Gb  [ Linker created ]
  0x20000000  __RAM1_segment_start__                        ----  Gb  [ Linker created ]
  0x20000000  __INST_RAM_segment_start__
                                                            ----  Gb  [ Linker created ]
  0x2001F800  __RAM1_segment_used_start__
                                                            ----  Gb  [ Linker created ]
  0x2001F800  __INST_RAM_segment_used_start__
                                                            ----  Gb  [ Linker created ]
  0x20020000  __stack_end__                                 ----  Gb  [ Linker created ]
  0x20020000  __RAM1_segment_used_end__                     ----  Gb  [ Linker created ]
  0x20020000  __RAM1_segment_end__                          ----  Gb  [ Linker created ]
  0x20020000  __INST_RAM_segment_used_end__
                                                            ----  Gb  [ Linker created ]
  0x20020000  __INST_RAM_segment_end__                      ----  Gb  [ Linker created ]
  0x20020000  __DATA_RAM_segment_used_end__
                                                            ----  Gb  [ Linker created ]
  0x20020000  __DATA_RAM_segment_end__                      ----  Gb  [ Linker created ]


***********************************************************************************************
***                                                                                         ***
***                                      LINK SUMMARY                                       ***
***                                                                                         ***
***********************************************************************************************

Memory breakdown:

    2 052 bytes read-only  code    + 
       78 bytes read-only  data    =   2 130 bytes read-only (total)
    2 052 bytes read-write data

Region summary:

  Name        Range                     Size                 Used               Unused       Alignment Loss
  ----------  -----------------  -----------  -------------------  -------------------  -------------------
  FLASH       08000000-0807ffff      524 288        2 134   0.41%      522 154  99.59%            0   0.00%
  CCM_RAM1    10000000-1000ffff       65 536            4   0.01%       65 532  99.99%            0   0.00%
  INST_RAM    20000000-2001ffff      131 072        2 048   1.56%      129 024  98.44%            0   0.00%

Link complete: 0 errors, 0 warnings, 0 remarks
